Archive member included to satisfy reference by file (symbol)

/opt/gcc-arm-none-eabi-10.3-2021.10/bin/../lib/gcc/arm-none-eabi/10.3.1/../../../../arm-none-eabi/lib/thumb/v7-m/nofp/libc_nano.a(lib_a-exit.o)
                              /opt/gcc-arm-none-eabi-10.3-2021.10/bin/../lib/gcc/arm-none-eabi/10.3.1/../../../../arm-none-eabi/lib/thumb/v7-m/nofp/crt0.o (exit)
/opt/gcc-arm-none-eabi-10.3-2021.10/bin/../lib/gcc/arm-none-eabi/10.3.1/../../../../arm-none-eabi/lib/thumb/v7-m/nofp/libc_nano.a(lib_a-impure.o)
                              /opt/gcc-arm-none-eabi-10.3-2021.10/bin/../lib/gcc/arm-none-eabi/10.3.1/../../../../arm-none-eabi/lib/thumb/v7-m/nofp/libc_nano.a(lib_a-exit.o) (_global_impure_ptr)
/opt/gcc-arm-none-eabi-10.3-2021.10/bin/../lib/gcc/arm-none-eabi/10.3.1/../../../../arm-none-eabi/lib/thumb/v7-m/nofp/libc_nano.a(lib_a-init.o)
                              /opt/gcc-arm-none-eabi-10.3-2021.10/bin/../lib/gcc/arm-none-eabi/10.3.1/../../../../arm-none-eabi/lib/thumb/v7-m/nofp/crt0.o (__libc_init_array)
/opt/gcc-arm-none-eabi-10.3-2021.10/bin/../lib/gcc/arm-none-eabi/10.3.1/../../../../arm-none-eabi/lib/thumb/v7-m/nofp/libc_nano.a(lib_a-memset.o)
                              /opt/gcc-arm-none-eabi-10.3-2021.10/bin/../lib/gcc/arm-none-eabi/10.3.1/../../../../arm-none-eabi/lib/thumb/v7-m/nofp/crt0.o (memset)
/opt/gcc-arm-none-eabi-10.3-2021.10/bin/../lib/gcc/arm-none-eabi/10.3.1/../../../../arm-none-eabi/lib/thumb/v7-m/nofp/libnosys.a(_exit.o)
                              /opt/gcc-arm-none-eabi-10.3-2021.10/bin/../lib/gcc/arm-none-eabi/10.3.1/../../../../arm-none-eabi/lib/thumb/v7-m/nofp/libc_nano.a(lib_a-exit.o) (_exit)

Discarded input sections

 .text          0x0000000000000000        0x0 /opt/gcc-arm-none-eabi-10.3-2021.10/bin/../lib/gcc/arm-none-eabi/10.3.1/thumb/v7-m/nofp/crti.o
 .data          0x0000000000000000        0x0 /opt/gcc-arm-none-eabi-10.3-2021.10/bin/../lib/gcc/arm-none-eabi/10.3.1/thumb/v7-m/nofp/crti.o
 .bss           0x0000000000000000        0x0 /opt/gcc-arm-none-eabi-10.3-2021.10/bin/../lib/gcc/arm-none-eabi/10.3.1/thumb/v7-m/nofp/crti.o
 .data          0x0000000000000000        0x4 /opt/gcc-arm-none-eabi-10.3-2021.10/bin/../lib/gcc/arm-none-eabi/10.3.1/thumb/v7-m/nofp/crtbegin.o
 .rodata        0x0000000000000000       0x24 /opt/gcc-arm-none-eabi-10.3-2021.10/bin/../lib/gcc/arm-none-eabi/10.3.1/thumb/v7-m/nofp/crtbegin.o
 .text          0x0000000000000000       0x7c /opt/gcc-arm-none-eabi-10.3-2021.10/bin/../lib/gcc/arm-none-eabi/10.3.1/../../../../arm-none-eabi/lib/thumb/v7-m/nofp/crt0.o
 .data          0x0000000000000000        0x0 /opt/gcc-arm-none-eabi-10.3-2021.10/bin/../lib/gcc/arm-none-eabi/10.3.1/../../../../arm-none-eabi/lib/thumb/v7-m/nofp/crt0.o
 .bss           0x0000000000000000        0x0 /opt/gcc-arm-none-eabi-10.3-2021.10/bin/../lib/gcc/arm-none-eabi/10.3.1/../../../../arm-none-eabi/lib/thumb/v7-m/nofp/crt0.o
 .ARM.extab     0x0000000000000000        0x0 /opt/gcc-arm-none-eabi-10.3-2021.10/bin/../lib/gcc/arm-none-eabi/10.3.1/../../../../arm-none-eabi/lib/thumb/v7-m/nofp/crt0.o
 .ARM.exidx     0x0000000000000000       0x10 /opt/gcc-arm-none-eabi-10.3-2021.10/bin/../lib/gcc/arm-none-eabi/10.3.1/../../../../arm-none-eabi/lib/thumb/v7-m/nofp/crt0.o
 .ARM.attributes
                0x0000000000000000       0x1b /opt/gcc-arm-none-eabi-10.3-2021.10/bin/../lib/gcc/arm-none-eabi/10.3.1/../../../../arm-none-eabi/lib/thumb/v7-m/nofp/crt0.o
 .group         0x0000000000000000        0xc build/STM32F1/debug/source/main.o
 .group         0x0000000000000000        0xc build/STM32F1/debug/source/main.o
 .group         0x0000000000000000        0xc build/STM32F1/debug/source/main.o
 .group         0x0000000000000000        0xc build/STM32F1/debug/source/main.o
 .group         0x0000000000000000        0xc build/STM32F1/debug/source/main.o
 .group         0x0000000000000000        0xc build/STM32F1/debug/source/main.o
 .group         0x0000000000000000        0xc build/STM32F1/debug/source/main.o
 .text          0x0000000000000000        0x0 build/STM32F1/debug/source/main.o
 .data          0x0000000000000000        0x0 build/STM32F1/debug/source/main.o
 .bss           0x0000000000000000        0x0 build/STM32F1/debug/source/main.o
 .group         0x0000000000000000        0xc build/STM32F1/debug/hardware/source/STM32F1/source/STM32F1.o
 .group         0x0000000000000000        0xc build/STM32F1/debug/hardware/source/STM32F1/source/STM32F1.o
 .group         0x0000000000000000        0xc build/STM32F1/debug/hardware/source/STM32F1/source/STM32F1.o
 .group         0x0000000000000000        0xc build/STM32F1/debug/hardware/source/STM32F1/source/STM32F1.o
 .group         0x0000000000000000        0xc build/STM32F1/debug/hardware/source/STM32F1/source/STM32F1.o
 .group         0x0000000000000000        0xc build/STM32F1/debug/hardware/source/STM32F1/source/STM32F1.o
 .group         0x0000000000000000        0xc build/STM32F1/debug/hardware/source/STM32F1/source/STM32F1.o
[...]
Memory Configuration

Name             Origin             Length             Attributes
RAM              0x0000000020000000 0x0000000000005000 xrw
FLASH            0x0000000008000000 0x0000000000010000 xr
*default*        0x0000000000000000 0xffffffffffffffff

Linker script and memory map

LOAD /opt/gcc-arm-none-eabi-10.3-2021.10/bin/../lib/gcc/arm-none-eabi/10.3.1/thumb/v7-m/nofp/crti.o
LOAD /opt/gcc-arm-none-eabi-10.3-2021.10/bin/../lib/gcc/arm-none-eabi/10.3.1/thumb/v7-m/nofp/crtbegin.o
LOAD /opt/gcc-arm-none-eabi-10.3-2021.10/bin/../lib/gcc/arm-none-eabi/10.3.1/../../../../arm-none-eabi/lib/thumb/v7-m/nofp/crt0.o
LOAD build/STM32F1/debug/source/main.o
LOAD build/STM32F1/debug/hardware/source/STM32F1/source/STM32F1.o
LOAD build/STM32F1/debug/hardware/source/STM32F1/source/stm32f1xx_hal_msp.o
LOAD build/STM32F1/debug/hardware/source/STM32F1/source/stm32f1xx_it.o
LOAD build/STM32F1/debug/hardware/source/STM32F1/source/system_stm32f1xx.o
LOAD build/STM32F1/debug/libraries/STM32CubeF1/STM32F1xx_HAL_Driver/Src/stm32f1xx_hal_gpio_ex.o
LOAD build/STM32F1/debug/libraries/STM32CubeF1/STM32F1xx_HAL_Driver/Src/stm32f1xx_hal_tim.o
LOAD build/STM32F1/debug/libraries/STM32CubeF1/STM32F1xx_HAL_Driver/Src/stm32f1xx_hal_tim_ex.o
LOAD build/STM32F1/debug/libraries/STM32CubeF1/STM32F1xx_HAL_Driver/Src/stm32f1xx_hal.o
LOAD build/STM32F1/debug/libraries/STM32CubeF1/STM32F1xx_HAL_Driver/Src/stm32f1xx_hal_rcc.o
LOAD build/STM32F1/debug/libraries/STM32CubeF1/STM32F1xx_HAL_Driver/Src/stm32f1xx_hal_rcc_ex.o
LOAD build/STM32F1/debug/libraries/STM32CubeF1/STM32F1xx_HAL_Driver/Src/stm32f1xx_hal_gpio.o
LOAD build/STM32F1/debug/libraries/STM32CubeF1/STM32F1xx_HAL_Driver/Src/stm32f1xx_hal_dma.o
LOAD build/STM32F1/debug/libraries/STM32CubeF1/STM32F1xx_HAL_Driver/Src/stm32f1xx_hal_cortex.o
LOAD build/STM32F1/debug/libraries/STM32CubeF1/STM32F1xx_HAL_Driver/Src/stm32f1xx_hal_pwr.o
LOAD build/STM32F1/debug/libraries/STM32CubeF1/STM32F1xx_HAL_Driver/Src/stm32f1xx_hal_flash.o
LOAD build/STM32F1/debug/libraries/STM32CubeF1/STM32F1xx_HAL_Driver/Src/stm32f1xx_hal_flash_ex.o
LOAD build/STM32F1/debug/libraries/STM32CubeF1/STM32F1xx_HAL_Driver/Src/stm32f1xx_hal_exti.o
LOAD build/STM32F1/debug/hardware/source/STM32F1/source/startup_stm32f103xb.o
LOAD /opt/gcc-arm-none-eabi-10.3-2021.10/bin/../lib/gcc/arm-none-eabi/10.3.1/../../../../arm-none-eabi/lib/thumb/v7-m/nofp/libm.a
LOAD /opt/gcc-arm-none-eabi-10.3-2021.10/bin/../lib/gcc/arm-none-eabi/10.3.1/../../../../arm-none-eabi/lib/thumb/v7-m/nofp/libc_nano.a
LOAD /opt/gcc-arm-none-eabi-10.3-2021.10/bin/../lib/gcc/arm-none-eabi/10.3.1/../../../../arm-none-eabi/lib/thumb/v7-m/nofp/libnosys.a
START GROUP
LOAD /opt/gcc-arm-none-eabi-10.3-2021.10/bin/../lib/gcc/arm-none-eabi/10.3.1/thumb/v7-m/nofp/libgcc.a
LOAD /opt/gcc-arm-none-eabi-10.3-2021.10/bin/../lib/gcc/arm-none-eabi/10.3.1/../../../../arm-none-eabi/lib/thumb/v7-m/nofp/libc_nano.a
END GROUP
START GROUP
LOAD /opt/gcc-arm-none-eabi-10.3-2021.10/bin/../lib/gcc/arm-none-eabi/10.3.1/thumb/v7-m/nofp/libgcc.a
LOAD /opt/gcc-arm-none-eabi-10.3-2021.10/bin/../lib/gcc/arm-none-eabi/10.3.1/../../../../arm-none-eabi/lib/thumb/v7-m/nofp/libc_nano.a
END GROUP
LOAD /opt/gcc-arm-none-eabi-10.3-2021.10/bin/../lib/gcc/arm-none-eabi/10.3.1/thumb/v7-m/nofp/crtend.o
LOAD /opt/gcc-arm-none-eabi-10.3-2021.10/bin/../lib/gcc/arm-none-eabi/10.3.1/thumb/v7-m/nofp/crtn.o
                0x0000000020005000                _estack = 0x20005000
                0x0000000000000200                _Min_Heap_Size = 0x200
                0x0000000000000400                _Min_Stack_Size = 0x400

.isr_vector     0x0000000008000000      0x10c
                0x0000000008000000                . = ALIGN (0x4)
 *(.isr_vector)
 .isr_vector    0x0000000008000000      0x10c build/STM32F1/debug/hardware/source/STM32F1/source/startup_stm32f103xb.o
                0x0000000008000000                g_pfnVectors
                0x000000000800010c                . = ALIGN (0x4)

.text           0x000000000800010c     0x1190
                0x000000000800010c                . = ALIGN (0x4)
 *(.text)
 .text          0x000000000800010c       0x40 /opt/gcc-arm-none-eabi-10.3-2021.10/bin/../lib/gcc/arm-none-eabi/10.3.1/thumb/v7-m/nofp/crtbegin.o
 *(.text*)
 .text.main     0x000000000800014c       0x14 build/STM32F1/debug/source/main.o
                0x000000000800014c                main
 .text.initHardware
                0x0000000008000160       0x16 build/STM32F1/debug/hardware/source/STM32F1/source/STM32F1.o
                0x0000000008000160                initHardware
 .text.SystemClock_Config
                0x0000000008000176       0x76 build/STM32F1/debug/hardware/source/STM32F1/source/STM32F1.o
                0x0000000008000176                SystemClock_Config
 .text.MX_GPIO_Init
                0x00000000080001ec       0x80 build/STM32F1/debug/hardware/source/STM32F1/source/STM32F1.o
 .text.Error_Handler
                0x000000000800026c        0xc build/STM32F1/debug/hardware/source/STM32F1/source/STM32F1.o
                0x000000000800026c                Error_Handler
 .text.ledToggle
                0x0000000008000278       0x18 build/STM32F1/debug/hardware/source/STM32F1/source/STM32F1.o
                0x0000000008000278                ledToggle
 .text.delay_sec
                0x0000000008000290       0x22 build/STM32F1/debug/hardware/source/STM32F1/source/STM32F1.o
                0x0000000008000290                delay_sec
 *fill*         0x00000000080002b2        0x2 
 .text.HAL_MspInit
                0x00000000080002b4       0x64 build/STM32F1/debug/hardware/source/STM32F1/source/stm32f1xx_hal_msp.o
                0x00000000080002b4                HAL_MspInit
 .text.NMI_Handler
                0x0000000008000318        0xc build/STM32F1/debug/hardware/source/STM32F1/source/stm32f1xx_it.o
                0x0000000008000318                NMI_Handler
 .text.HardFault_Handler
                0x0000000008000324        0x6 build/STM32F1/debug/hardware/source/STM32F1/source/stm32f1xx_it.o
                0x0000000008000324                HardFault_Handler
 .text.MemManage_Handler
                0x000000000800032a        0x6 build/STM32F1/debug/hardware/source/STM32F1/source/stm32f1xx_it.o
                0x000000000800032a                MemManage_Handler
 .text.BusFault_Handler
                0x0000000008000330        0x6 build/STM32F1/debug/hardware/source/STM32F1/source/stm32f1xx_it.o
                0x0000000008000330                BusFault_Handler
 .text.UsageFault_Handler
                0x0000000008000336        0x6 build/STM32F1/debug/hardware/source/STM32F1/source/stm32f1xx_it.o
                0x0000000008000336                UsageFault_Handler
 .text.SVC_Handler
                0x000000000800033c        0xc build/STM32F1/debug/hardware/source/STM32F1/source/stm32f1xx_it.o
                0x000000000800033c                SVC_Handler
 .text.DebugMon_Handler
                0x0000000008000348        0xc build/STM32F1/debug/hardware/source/STM32F1/source/stm32f1xx_it.o
                0x0000000008000348                DebugMon_Handler
 .text.PendSV_Handler
                0x0000000008000354        0xc build/STM32F1/debug/hardware/source/STM32F1/source/stm32f1xx_it.o
                0x0000000008000354                PendSV_Handler
 .text.SysTick_Handler
                0x0000000008000360        0xc build/STM32F1/debug/hardware/source/STM32F1/source/stm32f1xx_it.o
                0x0000000008000360                SysTick_Handler
 .text.SystemInit
                0x000000000800036c       0x68 build/STM32F1/debug/hardware/source/STM32F1/source/system_stm32f1xx.o
                0x000000000800036c                SystemInit
 .text.HAL_Init
                0x00000000080003d4       0x2c build/STM32F1/debug/libraries/STM32CubeF1/STM32F1xx_HAL_Driver/Src/stm32f1xx_hal.o
                0x00000000080003d4                HAL_Init
 .text.HAL_InitTick
                0x0000000008000400       0x60 build/STM32F1/debug/libraries/STM32CubeF1/STM32F1xx_HAL_Driver/Src/stm32f1xx_hal.o
                0x0000000008000400                HAL_InitTick
 .text.HAL_IncTick
                0x0000000008000460       0x24 build/STM32F1/debug/libraries/STM32CubeF1/STM32F1xx_HAL_Driver/Src/stm32f1xx_hal.o
                0x0000000008000460                HAL_IncTick
 .text.HAL_GetTick
                0x0000000008000484       0x14 build/STM32F1/debug/libraries/STM32CubeF1/STM32F1xx_HAL_Driver/Src/stm32f1xx_hal.o
                0x0000000008000484                HAL_GetTick
 .text.HAL_Delay
                0x0000000008000498       0x48 build/STM32F1/debug/libraries/STM32CubeF1/STM32F1xx_HAL_Driver/Src/stm32f1xx_hal.o
                0x0000000008000498                HAL_Delay
 .text.HAL_RCC_OscConfig
                0x00000000080004e0      0x504 build/STM32F1/debug/libraries/STM32CubeF1/STM32F1xx_HAL_Driver/Src/stm32f1xx_hal_rcc.o
                0x00000000080004e0                HAL_RCC_OscConfig
 .text.HAL_RCC_ClockConfig
                0x00000000080009e4      0x1d4 build/STM32F1/debug/libraries/STM32CubeF1/STM32F1xx_HAL_Driver/Src/stm32f1xx_hal_rcc.o
                0x00000000080009e4                HAL_RCC_ClockConfig
 .text.HAL_RCC_GetSysClockFreq
                0x0000000008000bb8       0xbc build/STM32F1/debug/libraries/STM32CubeF1/STM32F1xx_HAL_Driver/Src/stm32f1xx_hal_rcc.o
                0x0000000008000bb8                HAL_RCC_GetSysClockFreq
 .text.RCC_Delay
                0x0000000008000c74       0x3c build/STM32F1/debug/libraries/STM32CubeF1/STM32F1xx_HAL_Driver/Src/stm32f1xx_hal_rcc.o
 .text.HAL_GPIO_Init
                0x0000000008000cb0      0x308 build/STM32F1/debug/libraries/STM32CubeF1/STM32F1xx_HAL_Driver/Src/stm32f1xx_hal_gpio.o
                0x0000000008000cb0                HAL_GPIO_Init
 .text.HAL_GPIO_WritePin
                0x0000000008000fb8       0x30 build/STM32F1/debug/libraries/STM32CubeF1/STM32F1xx_HAL_Driver/Src/stm32f1xx_hal_gpio.o
                0x0000000008000fb8                HAL_GPIO_WritePin
 .text.HAL_GPIO_TogglePin
                0x0000000008000fe8       0x30 build/STM32F1/debug/libraries/STM32CubeF1/STM32F1xx_HAL_Driver/Src/stm32f1xx_hal_gpio.o
                0x0000000008000fe8                HAL_GPIO_TogglePin
 .text.__NVIC_SetPriorityGrouping
                0x0000000008001018       0x48 build/STM32F1/debug/libraries/STM32CubeF1/STM32F1xx_HAL_Driver/Src/stm32f1xx_hal_cortex.o
 .text.__NVIC_GetPriorityGrouping
                0x0000000008001060       0x1c build/STM32F1/debug/libraries/STM32CubeF1/STM32F1xx_HAL_Driver/Src/stm32f1xx_hal_cortex.o
 .text.__NVIC_SetPriority
                0x000000000800107c       0x54 build/STM32F1/debug/libraries/STM32CubeF1/STM32F1xx_HAL_Driver/Src/stm32f1xx_hal_cortex.o
 .text.NVIC_EncodePriority
                0x00000000080010d0       0x64 build/STM32F1/debug/libraries/STM32CubeF1/STM32F1xx_HAL_Driver/Src/stm32f1xx_hal_cortex.o
 .text.SysTick_Config
                0x0000000008001134       0x44 build/STM32F1/debug/libraries/STM32CubeF1/STM32F1xx_HAL_Driver/Src/stm32f1xx_hal_cortex.o
 .text.HAL_NVIC_SetPriorityGrouping
                0x0000000008001178       0x16 build/STM32F1/debug/libraries/STM32CubeF1/STM32F1xx_HAL_Driver/Src/stm32f1xx_hal_cortex.o
                0x0000000008001178                HAL_NVIC_SetPriorityGrouping
 .text.HAL_NVIC_SetPriority
                0x000000000800118e       0x38 build/STM32F1/debug/libraries/STM32CubeF1/STM32F1xx_HAL_Driver/Src/stm32f1xx_hal_cortex.o
                0x000000000800118e                HAL_NVIC_SetPriority
 .text.HAL_SYSTICK_Config
                0x00000000080011c6       0x18 build/STM32F1/debug/libraries/STM32CubeF1/STM32F1xx_HAL_Driver/Src/stm32f1xx_hal_cortex.o
                0x00000000080011c6                HAL_SYSTICK_Config
 *fill*         0x00000000080011de        0x2 
 .text.Reset_Handler
                0x00000000080011e0       0x48 build/STM32F1/debug/hardware/source/STM32F1/source/startup_stm32f103xb.o
                0x00000000080011e0                Reset_Handler
 .text.Default_Handler
                0x0000000008001228        0x2 build/STM32F1/debug/hardware/source/STM32F1/source/startup_stm32f103xb.o
                0x0000000008001228                RTC_Alarm_IRQHandler
                0x0000000008001228                EXTI2_IRQHandler
                0x0000000008001228                TIM1_CC_IRQHandler
                0x0000000008001228                PVD_IRQHandler
                0x0000000008001228                EXTI3_IRQHandler
                0x0000000008001228                EXTI0_IRQHandler
                0x0000000008001228                I2C2_EV_IRQHandler
                0x0000000008001228                ADC1_2_IRQHandler
                0x0000000008001228                SPI1_IRQHandler
                0x0000000008001228                TAMPER_IRQHandler
                0x0000000008001228                DMA1_Channel4_IRQHandler
                0x0000000008001228                USART3_IRQHandler
                0x0000000008001228                RTC_IRQHandler
                0x0000000008001228                DMA1_Channel7_IRQHandler
                0x0000000008001228                CAN1_RX1_IRQHandler
                0x0000000008001228                TIM4_IRQHandler
                0x0000000008001228                I2C1_EV_IRQHandler
                0x0000000008001228                DMA1_Channel6_IRQHandler
                0x0000000008001228                TIM3_IRQHandler
                0x0000000008001228                RCC_IRQHandler
                0x0000000008001228                TIM1_TRG_COM_IRQHandler
                0x0000000008001228                DMA1_Channel1_IRQHandler
                0x0000000008001228                Default_Handler
                0x0000000008001228                EXTI15_10_IRQHandler
                0x0000000008001228                EXTI9_5_IRQHandler
                0x0000000008001228                SPI2_IRQHandler
                0x0000000008001228                DMA1_Channel5_IRQHandler
                0x0000000008001228                EXTI4_IRQHandler
                0x0000000008001228                USB_LP_CAN1_RX0_IRQHandler
                0x0000000008001228                USB_HP_CAN1_TX_IRQHandler
                0x0000000008001228                DMA1_Channel3_IRQHandler
                0x0000000008001228                TIM1_UP_IRQHandler
                0x0000000008001228                WWDG_IRQHandler
                0x0000000008001228                TIM2_IRQHandler
                0x0000000008001228                TIM1_BRK_IRQHandler
                0x0000000008001228                EXTI1_IRQHandler
                0x0000000008001228                USART2_IRQHandler
                0x0000000008001228                I2C2_ER_IRQHandler
                0x0000000008001228                DMA1_Channel2_IRQHandler
                0x0000000008001228                CAN1_SCE_IRQHandler
                0x0000000008001228                FLASH_IRQHandler
                0x0000000008001228                USART1_IRQHandler
                0x0000000008001228                I2C1_ER_IRQHandler
                0x0000000008001228                USBWakeUp_IRQHandler
 *fill*         0x000000000800122a        0x2 
 .text.__libc_init_array
                0x000000000800122c       0x48 /opt/gcc-arm-none-eabi-10.3-2021.10/bin/../lib/gcc/arm-none-eabi/10.3.1/../../../../arm-none-eabi/lib/thumb/v7-m/nofp/libc_nano.a(lib_a-init.o)
                0x000000000800122c                __libc_init_array
 .text.memset   0x0000000008001274       0x10 /opt/gcc-arm-none-eabi-10.3-2021.10/bin/../lib/gcc/arm-none-eabi/10.3.1/../../../../arm-none-eabi/lib/thumb/v7-m/nofp/libc_nano.a(lib_a-memset.o)
                0x0000000008001274                memset
 *(.glue_7)
 .glue_7        0x0000000008001284        0x0 linker stubs
 *(.glue_7t)
 .glue_7t       0x0000000008001284        0x0 linker stubs
 *(.eh_frame)
 .eh_frame      0x0000000008001284        0x0 /opt/gcc-arm-none-eabi-10.3-2021.10/bin/../lib/gcc/arm-none-eabi/10.3.1/thumb/v7-m/nofp/crtbegin.o
 *(.init)
 .init          0x0000000008001284        0x4 /opt/gcc-arm-none-eabi-10.3-2021.10/bin/../lib/gcc/arm-none-eabi/10.3.1/thumb/v7-m/nofp/crti.o
                0x0000000008001284                _init
 .init          0x0000000008001288        0x8 /opt/gcc-arm-none-eabi-10.3-2021.10/bin/../lib/gcc/arm-none-eabi/10.3.1/thumb/v7-m/nofp/crtn.o
 *(.fini)
 .fini          0x0000000008001290        0x4 /opt/gcc-arm-none-eabi-10.3-2021.10/bin/../lib/gcc/arm-none-eabi/10.3.1/thumb/v7-m/nofp/crti.o
                0x0000000008001290                _fini
 .fini          0x0000000008001294        0x8 /opt/gcc-arm-none-eabi-10.3-2021.10/bin/../lib/gcc/arm-none-eabi/10.3.1/thumb/v7-m/nofp/crtn.o
                0x000000000800129c                . = ALIGN (0x4)
                0x000000000800129c                _etext = .

.vfp11_veneer   0x000000000800129c        0x0
 .vfp11_veneer  0x000000000800129c        0x0 linker stubs

.v4_bx          0x000000000800129c        0x0
 .v4_bx         0x000000000800129c        0x0 linker stubs

.iplt           0x000000000800129c        0x0
 .iplt          0x000000000800129c        0x0 /opt/gcc-arm-none-eabi-10.3-2021.10/bin/../lib/gcc/arm-none-eabi/10.3.1/thumb/v7-m/nofp/crtbegin.o

.rodata         0x000000000800129c       0x20
                0x000000000800129c                . = ALIGN (0x4)
 *(.rodata)
 .rodata        0x000000000800129c       0x10 build/STM32F1/debug/libraries/STM32CubeF1/STM32F1xx_HAL_Driver/Src/stm32f1xx_hal_rcc.o
 *(.rodata*)
 .rodata.AHBPrescTable
                0x00000000080012ac       0x10 build/STM32F1/debug/hardware/source/STM32F1/source/system_stm32f1xx.o
                0x00000000080012ac                AHBPrescTable
                0x00000000080012bc                . = ALIGN (0x4)

.rel.dyn        0x00000000080012bc        0x0
 .rel.iplt      0x00000000080012bc        0x0 /opt/gcc-arm-none-eabi-10.3-2021.10/bin/../lib/gcc/arm-none-eabi/10.3.1/thumb/v7-m/nofp/crtbegin.o

.ARM.extab
 *(.ARM.extab* .gnu.linkonce.armextab.*)

.ARM            0x00000000080012bc        0x0
                0x00000000080012bc                __exidx_start = .
 *(.ARM.exidx*)
                0x00000000080012bc                __exidx_end = .

.preinit_array  0x00000000080012bc        0x0
                0x00000000080012bc                PROVIDE (__preinit_array_start = .)
 *(.preinit_array*)
                0x00000000080012bc                PROVIDE (__preinit_array_end = .)

.init_array     0x00000000080012bc        0x4
                0x00000000080012bc                PROVIDE (__init_array_start = .)
 *(SORT_BY_NAME(.init_array.*))
 *(.init_array*)
 .init_array    0x00000000080012bc        0x4 /opt/gcc-arm-none-eabi-10.3-2021.10/bin/../lib/gcc/arm-none-eabi/10.3.1/thumb/v7-m/nofp/crtbegin.o
                0x00000000080012c0                PROVIDE (__init_array_end = .)

.fini_array     0x00000000080012c0        0x4
                [!provide]                        PROVIDE (__fini_array_start = .)
 *(SORT_BY_NAME(.fini_array.*))
 *(.fini_array*)
 .fini_array    0x00000000080012c0        0x4 /opt/gcc-arm-none-eabi-10.3-2021.10/bin/../lib/gcc/arm-none-eabi/10.3.1/thumb/v7-m/nofp/crtbegin.o
                [!provide]                        PROVIDE (__fini_array_end = .)
                0x00000000080012c4                _sidata = LOADADDR (.data)

.data           0x0000000020000000        0xc load address 0x00000000080012c4
                0x0000000020000000                . = ALIGN (0x4)
                0x0000000020000000                _sdata = .
 *(.data)
 *(.data*)
 .data.SystemCoreClock
                0x0000000020000000        0x4 build/STM32F1/debug/hardware/source/STM32F1/source/system_stm32f1xx.o
                0x0000000020000000                SystemCoreClock
 .data.uwTickPrio
                0x0000000020000004        0x4 build/STM32F1/debug/libraries/STM32CubeF1/STM32F1xx_HAL_Driver/Src/stm32f1xx_hal.o
                0x0000000020000004                uwTickPrio
 .data.uwTickFreq
                0x0000000020000008        0x1 build/STM32F1/debug/libraries/STM32CubeF1/STM32F1xx_HAL_Driver/Src/stm32f1xx_hal.o
                0x0000000020000008                uwTickFreq
                0x000000002000000c                . = ALIGN (0x4)
 *fill*         0x0000000020000009        0x3 
                0x000000002000000c                _edata = .

.igot.plt       0x000000002000000c        0x0 load address 0x00000000080012d0
 .igot.plt      0x000000002000000c        0x0 /opt/gcc-arm-none-eabi-10.3-2021.10/bin/../lib/gcc/arm-none-eabi/10.3.1/thumb/v7-m/nofp/crtbegin.o
                0x000000002000000c                . = ALIGN (0x4)

.bss            0x000000002000000c       0x20 load address 0x00000000080012d0
                0x000000002000000c                _sbss = .
                0x000000002000000c                __bss_start__ = _sbss
 *(.bss)
 .bss           0x000000002000000c       0x1c /opt/gcc-arm-none-eabi-10.3-2021.10/bin/../lib/gcc/arm-none-eabi/10.3.1/thumb/v7-m/nofp/crtbegin.o
 *(.bss*)
 .bss.uwTick    0x0000000020000028        0x4 build/STM32F1/debug/libraries/STM32CubeF1/STM32F1xx_HAL_Driver/Src/stm32f1xx_hal.o
                0x0000000020000028                uwTick
 *(COMMON)
                0x000000002000002c                . = ALIGN (0x4)
                0x000000002000002c                _ebss = .
                0x000000002000002c                __bss_end__ = _ebss

._user_heap_stack
                0x000000002000002c      0x604 load address 0x00000000080012d0
                0x0000000020000030                . = ALIGN (0x8)
 *fill*         0x000000002000002c        0x4 
                [!provide]                        PROVIDE (end = .)
                [!provide]                        PROVIDE (_end = .)
                0x0000000020000230                . = (. + _Min_Heap_Size)
 *fill*         0x0000000020000030      0x200 
                0x0000000020000630                . = (. + _Min_Stack_Size)
 *fill*         0x0000000020000230      0x400 
                0x0000000020000630                . = ALIGN (0x8)

/DISCARD/
 libc.a(*)
 libm.a(*)
 libgcc.a(*)

.ARM.attributes
                0x0000000000000000       0x29
 *(.ARM.attributes)
 .ARM.attributes
                0x0000000000000000       0x1d /opt/gcc-arm-none-eabi-10.3-2021.10/bin/../lib/gcc/arm-none-eabi/10.3.1/thumb/v7-m/nofp/crti.o
 .ARM.attributes
                0x000000000000001d       0x2d /opt/gcc-arm-none-eabi-10.3-2021.10/bin/../lib/gcc/arm-none-eabi/10.3.1/thumb/v7-m/nofp/crtbegin.o
 .ARM.attributes
                0x000000000000004a       0x2d build/STM32F1/debug/source/main.o
 .ARM.attributes
                0x0000000000000077       0x2d build/STM32F1/debug/hardware/source/STM32F1/source/STM32F1.o
 .ARM.attributes
                0x00000000000000a4       0x2d build/STM32F1/debug/hardware/source/STM32F1/source/stm32f1xx_hal_msp.o
 .ARM.attributes
                0x00000000000000d1       0x2d build/STM32F1/debug/hardware/source/STM32F1/source/stm32f1xx_it.o
 .ARM.attributes
                0x00000000000000fe       0x2d build/STM32F1/debug/hardware/source/STM32F1/source/system_stm32f1xx.o
 .ARM.attributes
                0x000000000000012b       0x2d build/STM32F1/debug/libraries/STM32CubeF1/STM32F1xx_HAL_Driver/Src/stm32f1xx_hal.o
 .ARM.attributes
                0x0000000000000158       0x2d build/STM32F1/debug/libraries/STM32CubeF1/STM32F1xx_HAL_Driver/Src/stm32f1xx_hal_rcc.o
 .ARM.attributes
                0x0000000000000185       0x2d build/STM32F1/debug/libraries/STM32CubeF1/STM32F1xx_HAL_Driver/Src/stm32f1xx_hal_gpio.o
 .ARM.attributes
                0x00000000000001b2       0x2d build/STM32F1/debug/libraries/STM32CubeF1/STM32F1xx_HAL_Driver/Src/stm32f1xx_hal_cortex.o
 .ARM.attributes
                0x00000000000001df       0x21 build/STM32F1/debug/hardware/source/STM32F1/source/startup_stm32f103xb.o
 .ARM.attributes
                0x0000000000000200       0x2d /opt/gcc-arm-none-eabi-10.3-2021.10/bin/../lib/gcc/arm-none-eabi/10.3.1/../../../../arm-none-eabi/lib/thumb/v7-m/nofp/libc_nano.a(lib_a-init.o)
 .ARM.attributes
                0x000000000000022d       0x2d /opt/gcc-arm-none-eabi-10.3-2021.10/bin/../lib/gcc/arm-none-eabi/10.3.1/../../../../arm-none-eabi/lib/thumb/v7-m/nofp/libc_nano.a(lib_a-memset.o)
 .ARM.attributes
                0x000000000000025a       0x1d /opt/gcc-arm-none-eabi-10.3-2021.10/bin/../lib/gcc/arm-none-eabi/10.3.1/thumb/v7-m/nofp/crtn.o
OUTPUT(build/STM32F1/debug/blinky_STM32F1_debug.elf elf32-littlearm)
LOAD linker stubs
LOAD /opt/gcc-arm-none-eabi-10.3-2021.10/bin/../lib/gcc/arm-none-eabi/10.3.1/../../../../arm-none-eabi/lib/thumb/v7-m/nofp/libc.a
LOAD /opt/gcc-arm-none-eabi-10.3-2021.10/bin/../lib/gcc/arm-none-eabi/10.3.1/../../../../arm-none-eabi/lib/thumb/v7-m/nofp/libm.a
LOAD /opt/gcc-arm-none-eabi-10.3-2021.10/bin/../lib/gcc/arm-none-eabi/10.3.1/thumb/v7-m/nofp/libgcc.a

.debug_info     0x0000000000000000     0x2c47
 .debug_info    0x0000000000000000       0x86 build/STM32F1/debug/source/main.o
 .debug_info    0x0000000000000086      0x499 build/STM32F1/debug/hardware/source/STM32F1/source/STM32F1.o
 .debug_info    0x000000000000051f      0x210 build/STM32F1/debug/hardware/source/STM32F1/source/stm32f1xx_hal_msp.o
 .debug_info    0x000000000000072f      0x119 build/STM32F1/debug/hardware/source/STM32F1/source/stm32f1xx_it.o
 .debug_info    0x0000000000000848      0x3f8 build/STM32F1/debug/hardware/source/STM32F1/source/system_stm32f1xx.o
 .debug_info    0x0000000000000c40      0x6c9 build/STM32F1/debug/libraries/STM32CubeF1/STM32F1xx_HAL_Driver/Src/stm32f1xx_hal.o
 .debug_info    0x0000000000001309      0x819 build/STM32F1/debug/libraries/STM32CubeF1/STM32F1xx_HAL_Driver/Src/stm32f1xx_hal_rcc.o
 .debug_info    0x0000000000001b22      0x605 build/STM32F1/debug/libraries/STM32CubeF1/STM32F1xx_HAL_Driver/Src/stm32f1xx_hal_gpio.o
 .debug_info    0x0000000000002127      0xb20 build/STM32F1/debug/libraries/STM32CubeF1/STM32F1xx_HAL_Driver/Src/stm32f1xx_hal_cortex.o

.debug_abbrev   0x0000000000000000      0xd28
 .debug_abbrev  0x0000000000000000       0x49 build/STM32F1/debug/source/main.o
 .debug_abbrev  0x0000000000000049      0x18c build/STM32F1/debug/hardware/source/STM32F1/source/STM32F1.o
 .debug_abbrev  0x00000000000001d5       0xd4 build/STM32F1/debug/hardware/source/STM32F1/source/stm32f1xx_hal_msp.o
 .debug_abbrev  0x00000000000002a9       0x61 build/STM32F1/debug/hardware/source/STM32F1/source/stm32f1xx_it.o
 .debug_abbrev  0x000000000000030a      0x13b build/STM32F1/debug/hardware/source/STM32F1/source/system_stm32f1xx.o
 .debug_abbrev  0x0000000000000445      0x1db build/STM32F1/debug/libraries/STM32CubeF1/STM32F1xx_HAL_Driver/Src/stm32f1xx_hal.o
 .debug_abbrev  0x0000000000000620      0x260 build/STM32F1/debug/libraries/STM32CubeF1/STM32F1xx_HAL_Driver/Src/stm32f1xx_hal_rcc.o
 .debug_abbrev  0x0000000000000880      0x1bb build/STM32F1/debug/libraries/STM32CubeF1/STM32F1xx_HAL_Driver/Src/stm32f1xx_hal_gpio.o
 .debug_abbrev  0x0000000000000a3b      0x2ed build/STM32F1/debug/libraries/STM32CubeF1/STM32F1xx_HAL_Driver/Src/stm32f1xx_hal_cortex.o

.debug_aranges  0x0000000000000000      0x3e0
 .debug_aranges
                0x0000000000000000       0x20 build/STM32F1/debug/source/main.o
 .debug_aranges
                0x0000000000000020       0x50 build/STM32F1/debug/hardware/source/STM32F1/source/STM32F1.o
 .debug_aranges
                0x0000000000000070       0x20 build/STM32F1/debug/hardware/source/STM32F1/source/stm32f1xx_hal_msp.o
 .debug_aranges
                0x0000000000000090       0x60 build/STM32F1/debug/hardware/source/STM32F1/source/stm32f1xx_it.o
 .debug_aranges
                0x00000000000000f0       0x28 build/STM32F1/debug/hardware/source/STM32F1/source/system_stm32f1xx.o
 .debug_aranges
                0x0000000000000118       0xe0 build/STM32F1/debug/libraries/STM32CubeF1/STM32F1xx_HAL_Driver/Src/stm32f1xx_hal.o
 .debug_aranges
                0x00000000000001f8       0x90 build/STM32F1/debug/libraries/STM32CubeF1/STM32F1xx_HAL_Driver/Src/stm32f1xx_hal_rcc.o
 .debug_aranges
                0x0000000000000288       0x58 build/STM32F1/debug/libraries/STM32CubeF1/STM32F1xx_HAL_Driver/Src/stm32f1xx_hal_gpio.o
 .debug_aranges
                0x00000000000002e0      0x100 build/STM32F1/debug/libraries/STM32CubeF1/STM32F1xx_HAL_Driver/Src/stm32f1xx_hal_cortex.o

.debug_ranges   0x0000000000000000      0x350
 .debug_ranges  0x0000000000000000       0x10 build/STM32F1/debug/source/main.o
 .debug_ranges  0x0000000000000010       0x40 build/STM32F1/debug/hardware/source/STM32F1/source/STM32F1.o
 .debug_ranges  0x0000000000000050       0x10 build/STM32F1/debug/hardware/source/STM32F1/source/stm32f1xx_hal_msp.o
 .debug_ranges  0x0000000000000060       0x50 build/STM32F1/debug/hardware/source/STM32F1/source/stm32f1xx_it.o
 .debug_ranges  0x00000000000000b0       0x18 build/STM32F1/debug/hardware/source/STM32F1/source/system_stm32f1xx.o
 .debug_ranges  0x00000000000000c8       0xd0 build/STM32F1/debug/libraries/STM32CubeF1/STM32F1xx_HAL_Driver/Src/stm32f1xx_hal.o
 .debug_ranges  0x0000000000000198       0x80 build/STM32F1/debug/libraries/STM32CubeF1/STM32F1xx_HAL_Driver/Src/stm32f1xx_hal_rcc.o
 .debug_ranges  0x0000000000000218       0x48 build/STM32F1/debug/libraries/STM32CubeF1/STM32F1xx_HAL_Driver/Src/stm32f1xx_hal_gpio.o
 .debug_ranges  0x0000000000000260       0xf0 build/STM32F1/debug/libraries/STM32CubeF1/STM32F1xx_HAL_Driver/Src/stm32f1xx_hal_cortex.o

.debug_macro    0x0000000000000000    0x1242f
 .debug_macro   0x0000000000000000       0x6d build/STM32F1/debug/source/main.o
 .debug_macro   0x000000000000006d      0xa6c build/STM32F1/debug/source/main.o
 .debug_macro   0x0000000000000ad9       0x22 build/STM32F1/debug/source/main.o
 .debug_macro   0x0000000000000afb       0x56 build/STM32F1/debug/source/main.o
 .debug_macro   0x0000000000000b51       0x51 build/STM32F1/debug/source/main.o
 .debug_macro   0x0000000000000ba2      0x103 build/STM32F1/debug/source/main.o
 .debug_macro   0x0000000000000ca5       0x6a build/STM32F1/debug/source/main.o
 .debug_macro   0x0000000000000d0f      0x1df build/STM32F1/debug/source/main.o
 .debug_macro   0x0000000000000eee      0x194 build/STM32F1/debug/hardware/source/STM32F1/source/STM32F1.o
 .debug_macro   0x0000000000001082      0x20f build/STM32F1/debug/hardware/source/STM32F1/source/STM32F1.o
 .debug_macro   0x0000000000001291       0x2e build/STM32F1/debug/hardware/source/STM32F1/source/STM32F1.o
 .debug_macro   0x00000000000012bf       0x22 build/STM32F1/debug/hardware/source/STM32F1/source/STM32F1.o
 .debug_macro   0x00000000000012e1       0x1c build/STM32F1/debug/hardware/source/STM32F1/source/STM32F1.o
 .debug_macro   0x00000000000012fd       0x22 build/STM32F1/debug/hardware/source/STM32F1/source/STM32F1.o
 .debug_macro   0x000000000000131f       0xbd build/STM32F1/debug/hardware/source/STM32F1/source/STM32F1.o
 .debug_macro   0x00000000000013dc      0xd23 build/STM32F1/debug/hardware/source/STM32F1/source/STM32F1.o
 .debug_macro   0x00000000000020ff     0xe09e build/STM32F1/debug/hardware/source/STM32F1/source/STM32F1.o
 .debug_macro   0x000000000001019d       0x43 build/STM32F1/debug/hardware/source/STM32F1/source/STM32F1.o
 .debug_macro   0x00000000000101e0      0x174 build/STM32F1/debug/hardware/source/STM32F1/source/STM32F1.o
 .debug_macro   0x0000000000010354       0x5a build/STM32F1/debug/hardware/source/STM32F1/source/STM32F1.o
 .debug_macro   0x00000000000103ae      0x5be build/STM32F1/debug/hardware/source/STM32F1/source/STM32F1.o
 .debug_macro   0x000000000001096c      0x289 build/STM32F1/debug/hardware/source/STM32F1/source/STM32F1.o
 .debug_macro   0x0000000000010bf5      0x1cb build/STM32F1/debug/hardware/source/STM32F1/source/STM32F1.o
 .debug_macro   0x0000000000010dc0      0x114 build/STM32F1/debug/hardware/source/STM32F1/source/STM32F1.o
 .debug_macro   0x0000000000010ed4      0x1b2 build/STM32F1/debug/hardware/source/STM32F1/source/STM32F1.o
 .debug_macro   0x0000000000011086       0x27 build/STM32F1/debug/hardware/source/STM32F1/source/STM32F1.o
 .debug_macro   0x00000000000110ad      0x136 build/STM32F1/debug/hardware/source/STM32F1/source/STM32F1.o
 .debug_macro   0x00000000000111e3      0x1bc build/STM32F1/debug/hardware/source/STM32F1/source/STM32F1.o
 .debug_macro   0x000000000001139f       0x34 build/STM32F1/debug/hardware/source/STM32F1/source/STM32F1.o
 .debug_macro   0x00000000000113d3       0x3c build/STM32F1/debug/hardware/source/STM32F1/source/STM32F1.o
 .debug_macro   0x000000000001140f       0x57 build/STM32F1/debug/hardware/source/STM32F1/source/STM32F1.o
 .debug_macro   0x0000000000011466       0x88 build/STM32F1/debug/hardware/source/STM32F1/source/STM32F1.o
 .debug_macro   0x00000000000114ee      0x241 build/STM32F1/debug/hardware/source/STM32F1/source/STM32F1.o
 .debug_macro   0x000000000001172f      0x141 build/STM32F1/debug/hardware/source/STM32F1/source/STM32F1.o
 .debug_macro   0x0000000000011870       0x83 build/STM32F1/debug/hardware/source/STM32F1/source/STM32F1.o
 .debug_macro   0x00000000000118f3       0x10 build/STM32F1/debug/hardware/source/STM32F1/source/STM32F1.o
 .debug_macro   0x0000000000011903      0x18a build/STM32F1/debug/hardware/source/STM32F1/source/stm32f1xx_hal_msp.o
 .debug_macro   0x0000000000011a8d      0x194 build/STM32F1/debug/hardware/source/STM32F1/source/stm32f1xx_it.o
 .debug_macro   0x0000000000011c21      0x181 build/STM32F1/debug/hardware/source/STM32F1/source/system_stm32f1xx.o
 .debug_macro   0x0000000000011da2      0x19f build/STM32F1/debug/libraries/STM32CubeF1/STM32F1xx_HAL_Driver/Src/stm32f1xx_hal.o
 .debug_macro   0x0000000000011f41      0x18d build/STM32F1/debug/libraries/STM32CubeF1/STM32F1xx_HAL_Driver/Src/stm32f1xx_hal_rcc.o
 .debug_macro   0x00000000000120ce      0x1e6 build/STM32F1/debug/libraries/STM32CubeF1/STM32F1xx_HAL_Driver/Src/stm32f1xx_hal_gpio.o
 .debug_macro   0x00000000000122b4      0x17b build/STM32F1/debug/libraries/STM32CubeF1/STM32F1xx_HAL_Driver/Src/stm32f1xx_hal_cortex.o

.debug_line     0x0000000000000000     0x3880
 .debug_line    0x0000000000000000      0x1df build/STM32F1/debug/source/main.o
 .debug_line    0x00000000000001df      0x555 build/STM32F1/debug/hardware/source/STM32F1/source/STM32F1.o
 .debug_line    0x0000000000000734      0x46c build/STM32F1/debug/hardware/source/STM32F1/source/stm32f1xx_hal_msp.o
 .debug_line    0x0000000000000ba0      0x527 build/STM32F1/debug/hardware/source/STM32F1/source/stm32f1xx_it.o
 .debug_line    0x00000000000010c7      0x503 build/STM32F1/debug/hardware/source/STM32F1/source/system_stm32f1xx.o
 .debug_line    0x00000000000015ca      0x705 build/STM32F1/debug/libraries/STM32CubeF1/STM32F1xx_HAL_Driver/Src/stm32f1xx_hal.o
 .debug_line    0x0000000000001ccf      0xb19 build/STM32F1/debug/libraries/STM32CubeF1/STM32F1xx_HAL_Driver/Src/stm32f1xx_hal_rcc.o
 .debug_line    0x00000000000027e8      0x7a5 build/STM32F1/debug/libraries/STM32CubeF1/STM32F1xx_HAL_Driver/Src/stm32f1xx_hal_gpio.o
 .debug_line    0x0000000000002f8d      0x8f3 build/STM32F1/debug/libraries/STM32CubeF1/STM32F1xx_HAL_Driver/Src/stm32f1xx_hal_cortex.o

.debug_str      0x0000000000000000    0x63beb
 .debug_str     0x0000000000000000     0x3993 build/STM32F1/debug/source/main.o
                                       0x3aee (size before relaxing)
 .debug_str     0x0000000000003993    0x5f0f2 build/STM32F1/debug/hardware/source/STM32F1/source/STM32F1.o
                                      0x62d1f (size before relaxing)
 .debug_str     0x0000000000062a85       0x6d build/STM32F1/debug/hardware/source/STM32F1/source/stm32f1xx_hal_msp.o
                                      0x62b39 (size before relaxing)
 .debug_str     0x0000000000062af2       0xd0 build/STM32F1/debug/hardware/source/STM32F1/source/stm32f1xx_it.o
                                      0x62b42 (size before relaxing)
 .debug_str     0x0000000000062bc2      0x101 build/STM32F1/debug/hardware/source/STM32F1/source/system_stm32f1xx.o
                                      0x62ba6 (size before relaxing)
 .debug_str     0x0000000000062cc3      0x6ae build/STM32F1/debug/libraries/STM32CubeF1/STM32F1xx_HAL_Driver/Src/stm32f1xx_hal.o
                                      0x631fb (size before relaxing)
 .debug_str     0x0000000000063371      0x26e build/STM32F1/debug/libraries/STM32CubeF1/STM32F1xx_HAL_Driver/Src/stm32f1xx_hal_rcc.o
                                      0x62f2c (size before relaxing)
 .debug_str     0x00000000000635df      0x32f build/STM32F1/debug/libraries/STM32CubeF1/STM32F1xx_HAL_Driver/Src/stm32f1xx_hal_gpio.o
                                      0x62eaa (size before relaxing)
 .debug_str     0x000000000006390e      0x2dd build/STM32F1/debug/libraries/STM32CubeF1/STM32F1xx_HAL_Driver/Src/stm32f1xx_hal_cortex.o
                                      0x631a3 (size before relaxing)

.comment        0x0000000000000000       0x49
 .comment       0x0000000000000000       0x49 build/STM32F1/debug/source/main.o
                                         0x4a (size before relaxing)
 .comment       0x0000000000000049       0x4a build/STM32F1/debug/hardware/source/STM32F1/source/STM32F1.o
 .comment       0x0000000000000049       0x4a build/STM32F1/debug/hardware/source/STM32F1/source/stm32f1xx_hal_msp.o
 .comment       0x0000000000000049       0x4a build/STM32F1/debug/hardware/source/STM32F1/source/stm32f1xx_it.o
 .comment       0x0000000000000049       0x4a build/STM32F1/debug/hardware/source/STM32F1/source/system_stm32f1xx.o
 .comment       0x0000000000000049       0x4a build/STM32F1/debug/libraries/STM32CubeF1/STM32F1xx_HAL_Driver/Src/stm32f1xx_hal.o
 .comment       0x0000000000000049       0x4a build/STM32F1/debug/libraries/STM32CubeF1/STM32F1xx_HAL_Driver/Src/stm32f1xx_hal_rcc.o
 .comment       0x0000000000000049       0x4a build/STM32F1/debug/libraries/STM32CubeF1/STM32F1xx_HAL_Driver/Src/stm32f1xx_hal_gpio.o
 .comment       0x0000000000000049       0x4a build/STM32F1/debug/libraries/STM32CubeF1/STM32F1xx_HAL_Driver/Src/stm32f1xx_hal_cortex.o

.debug_frame    0x0000000000000000      0xdd0
 .debug_frame   0x0000000000000000       0x2c build/STM32F1/debug/source/main.o
 .debug_frame   0x000000000000002c       0xf8 build/STM32F1/debug/hardware/source/STM32F1/source/STM32F1.o
 .debug_frame   0x0000000000000124       0x38 build/STM32F1/debug/hardware/source/STM32F1/source/stm32f1xx_hal_msp.o
 .debug_frame   0x000000000000015c      0x10c build/STM32F1/debug/hardware/source/STM32F1/source/stm32f1xx_it.o
 .debug_frame   0x0000000000000268       0x58 build/STM32F1/debug/hardware/source/STM32F1/source/system_stm32f1xx.o
 .debug_frame   0x00000000000002c0      0x334 build/STM32F1/debug/libraries/STM32CubeF1/STM32F1xx_HAL_Driver/Src/stm32f1xx_hal.o
 .debug_frame   0x00000000000005f4      0x21c build/STM32F1/debug/libraries/STM32CubeF1/STM32F1xx_HAL_Driver/Src/stm32f1xx_hal_rcc.o
 .debug_frame   0x0000000000000810      0x14c build/STM32F1/debug/libraries/STM32CubeF1/STM32F1xx_HAL_Driver/Src/stm32f1xx_hal_gpio.o
 .debug_frame   0x000000000000095c      0x428 build/STM32F1/debug/libraries/STM32CubeF1/STM32F1xx_HAL_Driver/Src/stm32f1xx_hal_cortex.o
 .debug_frame   0x0000000000000d84       0x2c /opt/gcc-arm-none-eabi-10.3-2021.10/bin/../lib/gcc/arm-none-eabi/10.3.1/../../../../arm-none-eabi/lib/thumb/v7-m/nofp/libc_nano.a(lib_a-init.o)
 .debug_frame   0x0000000000000db0       0x20 /opt/gcc-arm-none-eabi-10.3-2021.10/bin/../lib/gcc/arm-none-eabi/10.3.1/../../../../arm-none-eabi/lib/thumb/v7-m/nofp/libc_nano.a(lib_a-memset.o)

Cross Reference Table

Symbol                                            File
ADC1_2_IRQHandler                                 build/STM32F1/debug/hardware/source/STM32F1/source/startup_stm32f103xb.o
AHBPrescTable                                     build/STM32F1/debug/hardware/source/STM32F1/source/system_stm32f1xx.o
                                                  build/STM32F1/debug/libraries/STM32CubeF1/STM32F1xx_HAL_Driver/Src/stm32f1xx_hal_rcc.o
APBPrescTable                                     build/STM32F1/debug/hardware/source/STM32F1/source/system_stm32f1xx.o
                                                  build/STM32F1/debug/libraries/STM32CubeF1/STM32F1xx_HAL_Driver/Src/stm32f1xx_hal_rcc.o
BusFault_Handler                                  build/STM32F1/debug/hardware/source/STM32F1/source/stm32f1xx_it.o
CAN1_RX1_IRQHandler                               build/STM32F1/debug/hardware/source/STM32F1/source/startup_stm32f103xb.o
CAN1_SCE_IRQHandler                               build/STM32F1/debug/hardware/source/STM32F1/source/startup_stm32f103xb.o
DMA1_Channel1_IRQHandler                          build/STM32F1/debug/hardware/source/STM32F1/source/startup_stm32f103xb.o
DMA1_Channel2_IRQHandler                          build/STM32F1/debug/hardware/source/STM32F1/source/startup_stm32f103xb.o
DMA1_Channel3_IRQHandler                          build/STM32F1/debug/hardware/source/STM32F1/source/startup_stm32f103xb.o
DMA1_Channel4_IRQHandler                          build/STM32F1/debug/hardware/source/STM32F1/source/startup_stm32f103xb.o
DMA1_Channel5_IRQHandler                          build/STM32F1/debug/hardware/source/STM32F1/source/startup_stm32f103xb.o
DMA1_Channel6_IRQHandler                          build/STM32F1/debug/hardware/source/STM32F1/source/startup_stm32f103xb.o
DMA1_Channel7_IRQHandler                          build/STM32F1/debug/hardware/source/STM32F1/source/startup_stm32f103xb.o
DebugMon_Handler                                  build/STM32F1/debug/hardware/source/STM32F1/source/stm32f1xx_it.o
Default_Handler                                   build/STM32F1/debug/hardware/source/STM32F1/source/startup_stm32f103xb.o
EXTI0_IRQHandler                                  build/STM32F1/debug/hardware/source/STM32F1/source/startup_stm32f103xb.o
EXTI15_10_IRQHandler                              build/STM32F1/debug/hardware/source/STM32F1/source/startup_stm32f103xb.o
EXTI1_IRQHandler                                  build/STM32F1/debug/hardware/source/STM32F1/source/startup_stm32f103xb.o
EXTI2_IRQHandler                                  build/STM32F1/debug/hardware/source/STM32F1/source/startup_stm32f103xb.o
EXTI3_IRQHandler                                  build/STM32F1/debug/hardware/source/STM32F1/source/startup_stm32f103xb.o
EXTI4_IRQHandler                                  build/STM32F1/debug/hardware/source/STM32F1/source/startup_stm32f103xb.o
EXTI9_5_IRQHandler                                build/STM32F1/debug/hardware/source/STM32F1/source/startup_stm32f103xb.o
Error_Handler                                     build/STM32F1/debug/hardware/source/STM32F1/source/STM32F1.o
FLASH_IRQHandler                                  build/STM32F1/debug/hardware/source/STM32F1/source/startup_stm32f103xb.o
FLASH_PageErase                                   build/STM32F1/debug/libraries/STM32CubeF1/STM32F1xx_HAL_Driver/Src/stm32f1xx_hal_flash_ex.o
                                                  build/STM32F1/debug/libraries/STM32CubeF1/STM32F1xx_HAL_Driver/Src/stm32f1xx_hal_flash.o
FLASH_WaitForLastOperation                        build/STM32F1/debug/libraries/STM32CubeF1/STM32F1xx_HAL_Driver/Src/stm32f1xx_hal_flash.o
                                                  build/STM32F1/debug/libraries/STM32CubeF1/STM32F1xx_HAL_Driver/Src/stm32f1xx_hal_flash_ex.o
HAL_DBGMCU_DisableDBGSleepMode                    build/STM32F1/debug/libraries/STM32CubeF1/STM32F1xx_HAL_Driver/Src/stm32f1xx_hal.o
HAL_DBGMCU_DisableDBGStandbyMode                  build/STM32F1/debug/libraries/STM32CubeF1/STM32F1xx_HAL_Driver/Src/stm32f1xx_hal.o
HAL_DBGMCU_DisableDBGStopMode                     build/STM32F1/debug/libraries/STM32CubeF1/STM32F1xx_HAL_Driver/Src/stm32f1xx_hal.o
HAL_DBGMCU_EnableDBGSleepMode                     build/STM32F1/debug/libraries/STM32CubeF1/STM32F1xx_HAL_Driver/Src/stm32f1xx_hal.o
HAL_DBGMCU_EnableDBGStandbyMode                   build/STM32F1/debug/libraries/STM32CubeF1/STM32F1xx_HAL_Driver/Src/stm32f1xx_hal.o
HAL_DBGMCU_EnableDBGStopMode                      build/STM32F1/debug/libraries/STM32CubeF1/STM32F1xx_HAL_Driver/Src/stm32f1xx_hal.o
HAL_DMA_Abort                                     build/STM32F1/debug/libraries/STM32CubeF1/STM32F1xx_HAL_Driver/Src/stm32f1xx_hal_dma.o
HAL_DMA_Abort_IT                                  build/STM32F1/debug/libraries/STM32CubeF1/STM32F1xx_HAL_Driver/Src/stm32f1xx_hal_dma.o
HAL_DMA_DeInit                                    build/STM32F1/debug/libraries/STM32CubeF1/STM32F1xx_HAL_Driver/Src/stm32f1xx_hal_dma.o
HAL_DMA_GetError                                  build/STM32F1/debug/libraries/STM32CubeF1/STM32F1xx_HAL_Driver/Src/stm32f1xx_hal_dma.o
HAL_DMA_GetState                                  build/STM32F1/debug/libraries/STM32CubeF1/STM32F1xx_HAL_Driver/Src/stm32f1xx_hal_dma.o
HAL_DMA_IRQHandler                                build/STM32F1/debug/libraries/STM32CubeF1/STM32F1xx_HAL_Driver/Src/stm32f1xx_hal_dma.o
HAL_DMA_Init                                      build/STM32F1/debug/libraries/STM32CubeF1/STM32F1xx_HAL_Driver/Src/stm32f1xx_hal_dma.o
HAL_DMA_PollForTransfer                           build/STM32F1/debug/libraries/STM32CubeF1/STM32F1xx_HAL_Driver/Src/stm32f1xx_hal_dma.o
HAL_DMA_RegisterCallback                          build/STM32F1/debug/libraries/STM32CubeF1/STM32F1xx_HAL_Driver/Src/stm32f1xx_hal_dma.o
HAL_DMA_Start                                     build/STM32F1/debug/libraries/STM32CubeF1/STM32F1xx_HAL_Driver/Src/stm32f1xx_hal_dma.o
HAL_DMA_Start_IT                                  build/STM32F1/debug/libraries/STM32CubeF1/STM32F1xx_HAL_Driver/Src/stm32f1xx_hal_dma.o
HAL_DMA_UnRegisterCallback                        build/STM32F1/debug/libraries/STM32CubeF1/STM32F1xx_HAL_Driver/Src/stm32f1xx_hal_dma.o
HAL_DeInit                                        build/STM32F1/debug/libraries/STM32CubeF1/STM32F1xx_HAL_Driver/Src/stm32f1xx_hal.o
HAL_Delay                                         build/STM32F1/debug/libraries/STM32CubeF1/STM32F1xx_HAL_Driver/Src/stm32f1xx_hal.o
                                                  build/STM32F1/debug/hardware/source/STM32F1/source/STM32F1.o
HAL_EXTI_ClearConfigLine                          build/STM32F1/debug/libraries/STM32CubeF1/STM32F1xx_HAL_Driver/Src/stm32f1xx_hal_exti.o
HAL_EXTI_ClearPending                             build/STM32F1/debug/libraries/STM32CubeF1/STM32F1xx_HAL_Driver/Src/stm32f1xx_hal_exti.o
HAL_EXTI_GenerateSWI                              build/STM32F1/debug/libraries/STM32CubeF1/STM32F1xx_HAL_Driver/Src/stm32f1xx_hal_exti.o
HAL_EXTI_GetConfigLine                            build/STM32F1/debug/libraries/STM32CubeF1/STM32F1xx_HAL_Driver/Src/stm32f1xx_hal_exti.o
HAL_EXTI_GetHandle                                build/STM32F1/debug/libraries/STM32CubeF1/STM32F1xx_HAL_Driver/Src/stm32f1xx_hal_exti.o
HAL_EXTI_GetPending                               build/STM32F1/debug/libraries/STM32CubeF1/STM32F1xx_HAL_Driver/Src/stm32f1xx_hal_exti.o
HAL_EXTI_IRQHandler                               build/STM32F1/debug/libraries/STM32CubeF1/STM32F1xx_HAL_Driver/Src/stm32f1xx_hal_exti.o
HAL_EXTI_RegisterCallback                         build/STM32F1/debug/libraries/STM32CubeF1/STM32F1xx_HAL_Driver/Src/stm32f1xx_hal_exti.o
HAL_EXTI_SetConfigLine                            build/STM32F1/debug/libraries/STM32CubeF1/STM32F1xx_HAL_Driver/Src/stm32f1xx_hal_exti.o
HAL_FLASHEx_Erase                                 build/STM32F1/debug/libraries/STM32CubeF1/STM32F1xx_HAL_Driver/Src/stm32f1xx_hal_flash_ex.o
HAL_FLASHEx_Erase_IT                              build/STM32F1/debug/libraries/STM32CubeF1/STM32F1xx_HAL_Driver/Src/stm32f1xx_hal_flash_ex.o
HAL_FLASHEx_OBErase                               build/STM32F1/debug/libraries/STM32CubeF1/STM32F1xx_HAL_Driver/Src/stm32f1xx_hal_flash_ex.o
HAL_FLASHEx_OBGetConfig                           build/STM32F1/debug/libraries/STM32CubeF1/STM32F1xx_HAL_Driver/Src/stm32f1xx_hal_flash_ex.o
HAL_FLASHEx_OBGetUserData                         build/STM32F1/debug/libraries/STM32CubeF1/STM32F1xx_HAL_Driver/Src/stm32f1xx_hal_flash_ex.o
HAL_FLASHEx_OBProgram                             build/STM32F1/debug/libraries/STM32CubeF1/STM32F1xx_HAL_Driver/Src/stm32f1xx_hal_flash_ex.o
HAL_FLASH_EndOfOperationCallback                  build/STM32F1/debug/libraries/STM32CubeF1/STM32F1xx_HAL_Driver/Src/stm32f1xx_hal_flash.o
HAL_FLASH_GetError                                build/STM32F1/debug/libraries/STM32CubeF1/STM32F1xx_HAL_Driver/Src/stm32f1xx_hal_flash.o
HAL_FLASH_IRQHandler                              build/STM32F1/debug/libraries/STM32CubeF1/STM32F1xx_HAL_Driver/Src/stm32f1xx_hal_flash.o
HAL_FLASH_Lock                                    build/STM32F1/debug/libraries/STM32CubeF1/STM32F1xx_HAL_Driver/Src/stm32f1xx_hal_flash.o
HAL_FLASH_OB_Launch                               build/STM32F1/debug/libraries/STM32CubeF1/STM32F1xx_HAL_Driver/Src/stm32f1xx_hal_flash.o
HAL_FLASH_OB_Lock                                 build/STM32F1/debug/libraries/STM32CubeF1/STM32F1xx_HAL_Driver/Src/stm32f1xx_hal_flash.o
HAL_FLASH_OB_Unlock                               build/STM32F1/debug/libraries/STM32CubeF1/STM32F1xx_HAL_Driver/Src/stm32f1xx_hal_flash.o
HAL_FLASH_OperationErrorCallback                  build/STM32F1/debug/libraries/STM32CubeF1/STM32F1xx_HAL_Driver/Src/stm32f1xx_hal_flash.o
HAL_FLASH_Program                                 build/STM32F1/debug/libraries/STM32CubeF1/STM32F1xx_HAL_Driver/Src/stm32f1xx_hal_flash.o
HAL_FLASH_Program_IT                              build/STM32F1/debug/libraries/STM32CubeF1/STM32F1xx_HAL_Driver/Src/stm32f1xx_hal_flash.o
HAL_FLASH_Unlock                                  build/STM32F1/debug/libraries/STM32CubeF1/STM32F1xx_HAL_Driver/Src/stm32f1xx_hal_flash.o
HAL_GPIOEx_ConfigEventout                         build/STM32F1/debug/libraries/STM32CubeF1/STM32F1xx_HAL_Driver/Src/stm32f1xx_hal_gpio_ex.o
HAL_GPIOEx_DisableEventout                        build/STM32F1/debug/libraries/STM32CubeF1/STM32F1xx_HAL_Driver/Src/stm32f1xx_hal_gpio_ex.o
HAL_GPIOEx_EnableEventout                         build/STM32F1/debug/libraries/STM32CubeF1/STM32F1xx_HAL_Driver/Src/stm32f1xx_hal_gpio_ex.o
HAL_GPIO_DeInit                                   build/STM32F1/debug/libraries/STM32CubeF1/STM32F1xx_HAL_Driver/Src/stm32f1xx_hal_gpio.o
HAL_GPIO_EXTI_Callback                            build/STM32F1/debug/libraries/STM32CubeF1/STM32F1xx_HAL_Driver/Src/stm32f1xx_hal_gpio.o
HAL_GPIO_EXTI_IRQHandler                          build/STM32F1/debug/libraries/STM32CubeF1/STM32F1xx_HAL_Driver/Src/stm32f1xx_hal_gpio.o
HAL_GPIO_Init                                     build/STM32F1/debug/libraries/STM32CubeF1/STM32F1xx_HAL_Driver/Src/stm32f1xx_hal_gpio.o
                                                  build/STM32F1/debug/libraries/STM32CubeF1/STM32F1xx_HAL_Driver/Src/stm32f1xx_hal_rcc.o
                                                  build/STM32F1/debug/hardware/source/STM32F1/source/STM32F1.o
HAL_GPIO_LockPin                                  build/STM32F1/debug/libraries/STM32CubeF1/STM32F1xx_HAL_Driver/Src/stm32f1xx_hal_gpio.o
HAL_GPIO_ReadPin                                  build/STM32F1/debug/libraries/STM32CubeF1/STM32F1xx_HAL_Driver/Src/stm32f1xx_hal_gpio.o
HAL_GPIO_TogglePin                                build/STM32F1/debug/libraries/STM32CubeF1/STM32F1xx_HAL_Driver/Src/stm32f1xx_hal_gpio.o
                                                  build/STM32F1/debug/hardware/source/STM32F1/source/STM32F1.o
HAL_GPIO_WritePin                                 build/STM32F1/debug/libraries/STM32CubeF1/STM32F1xx_HAL_Driver/Src/stm32f1xx_hal_gpio.o
                                                  build/STM32F1/debug/hardware/source/STM32F1/source/STM32F1.o
HAL_GetDEVID                                      build/STM32F1/debug/libraries/STM32CubeF1/STM32F1xx_HAL_Driver/Src/stm32f1xx_hal.o
HAL_GetHalVersion                                 build/STM32F1/debug/libraries/STM32CubeF1/STM32F1xx_HAL_Driver/Src/stm32f1xx_hal.o
HAL_GetREVID                                      build/STM32F1/debug/libraries/STM32CubeF1/STM32F1xx_HAL_Driver/Src/stm32f1xx_hal.o
HAL_GetTick                                       build/STM32F1/debug/libraries/STM32CubeF1/STM32F1xx_HAL_Driver/Src/stm32f1xx_hal.o
                                                  build/STM32F1/debug/libraries/STM32CubeF1/STM32F1xx_HAL_Driver/Src/stm32f1xx_hal_flash.o
                                                  build/STM32F1/debug/libraries/STM32CubeF1/STM32F1xx_HAL_Driver/Src/stm32f1xx_hal_dma.o
                                                  build/STM32F1/debug/libraries/STM32CubeF1/STM32F1xx_HAL_Driver/Src/stm32f1xx_hal_rcc_ex.o
                                                  build/STM32F1/debug/libraries/STM32CubeF1/STM32F1xx_HAL_Driver/Src/stm32f1xx_hal_rcc.o
HAL_GetTickFreq                                   build/STM32F1/debug/libraries/STM32CubeF1/STM32F1xx_HAL_Driver/Src/stm32f1xx_hal.o
HAL_GetTickPrio                                   build/STM32F1/debug/libraries/STM32CubeF1/STM32F1xx_HAL_Driver/Src/stm32f1xx_hal.o
HAL_GetUIDw0                                      build/STM32F1/debug/libraries/STM32CubeF1/STM32F1xx_HAL_Driver/Src/stm32f1xx_hal.o
HAL_GetUIDw1                                      build/STM32F1/debug/libraries/STM32CubeF1/STM32F1xx_HAL_Driver/Src/stm32f1xx_hal.o
HAL_GetUIDw2                                      build/STM32F1/debug/libraries/STM32CubeF1/STM32F1xx_HAL_Driver/Src/stm32f1xx_hal.o
HAL_IncTick                                       build/STM32F1/debug/libraries/STM32CubeF1/STM32F1xx_HAL_Driver/Src/stm32f1xx_hal.o
                                                  build/STM32F1/debug/hardware/source/STM32F1/source/stm32f1xx_it.o
HAL_Init                                          build/STM32F1/debug/libraries/STM32CubeF1/STM32F1xx_HAL_Driver/Src/stm32f1xx_hal.o
                                                  build/STM32F1/debug/hardware/source/STM32F1/source/STM32F1.o
HAL_InitTick                                      build/STM32F1/debug/libraries/STM32CubeF1/STM32F1xx_HAL_Driver/Src/stm32f1xx_hal.o
                                                  build/STM32F1/debug/libraries/STM32CubeF1/STM32F1xx_HAL_Driver/Src/stm32f1xx_hal_rcc.o
HAL_MspDeInit                                     build/STM32F1/debug/libraries/STM32CubeF1/STM32F1xx_HAL_Driver/Src/stm32f1xx_hal.o
HAL_MspInit                                       build/STM32F1/debug/hardware/source/STM32F1/source/stm32f1xx_hal_msp.o
HAL_NVIC_ClearPendingIRQ                          build/STM32F1/debug/libraries/STM32CubeF1/STM32F1xx_HAL_Driver/Src/stm32f1xx_hal_cortex.o
HAL_NVIC_DisableIRQ                               build/STM32F1/debug/libraries/STM32CubeF1/STM32F1xx_HAL_Driver/Src/stm32f1xx_hal_cortex.o
HAL_NVIC_EnableIRQ                                build/STM32F1/debug/libraries/STM32CubeF1/STM32F1xx_HAL_Driver/Src/stm32f1xx_hal_cortex.o
HAL_NVIC_GetActive                                build/STM32F1/debug/libraries/STM32CubeF1/STM32F1xx_HAL_Driver/Src/stm32f1xx_hal_cortex.o
HAL_NVIC_GetPendingIRQ                            build/STM32F1/debug/libraries/STM32CubeF1/STM32F1xx_HAL_Driver/Src/stm32f1xx_hal_cortex.o
HAL_NVIC_GetPriority                              build/STM32F1/debug/libraries/STM32CubeF1/STM32F1xx_HAL_Driver/Src/stm32f1xx_hal_cortex.o
HAL_NVIC_GetPriorityGrouping                      build/STM32F1/debug/libraries/STM32CubeF1/STM32F1xx_HAL_Driver/Src/stm32f1xx_hal_cortex.o
HAL_NVIC_SetPendingIRQ                            build/STM32F1/debug/libraries/STM32CubeF1/STM32F1xx_HAL_Driver/Src/stm32f1xx_hal_cortex.o
HAL_NVIC_SetPriority                              build/STM32F1/debug/libraries/STM32CubeF1/STM32F1xx_HAL_Driver/Src/stm32f1xx_hal_cortex.o
                                                  build/STM32F1/debug/libraries/STM32CubeF1/STM32F1xx_HAL_Driver/Src/stm32f1xx_hal.o
HAL_NVIC_SetPriorityGrouping                      build/STM32F1/debug/libraries/STM32CubeF1/STM32F1xx_HAL_Driver/Src/stm32f1xx_hal_cortex.o
                                                  build/STM32F1/debug/libraries/STM32CubeF1/STM32F1xx_HAL_Driver/Src/stm32f1xx_hal.o
HAL_NVIC_SystemReset                              build/STM32F1/debug/libraries/STM32CubeF1/STM32F1xx_HAL_Driver/Src/stm32f1xx_hal_cortex.o
                                                  build/STM32F1/debug/libraries/STM32CubeF1/STM32F1xx_HAL_Driver/Src/stm32f1xx_hal_flash.o
HAL_PWR_ConfigPVD                                 build/STM32F1/debug/libraries/STM32CubeF1/STM32F1xx_HAL_Driver/Src/stm32f1xx_hal_pwr.o
HAL_PWR_DeInit                                    build/STM32F1/debug/libraries/STM32CubeF1/STM32F1xx_HAL_Driver/Src/stm32f1xx_hal_pwr.o
HAL_PWR_DisableBkUpAccess                         build/STM32F1/debug/libraries/STM32CubeF1/STM32F1xx_HAL_Driver/Src/stm32f1xx_hal_pwr.o
HAL_PWR_DisablePVD                                build/STM32F1/debug/libraries/STM32CubeF1/STM32F1xx_HAL_Driver/Src/stm32f1xx_hal_pwr.o
HAL_PWR_DisableSEVOnPend                          build/STM32F1/debug/libraries/STM32CubeF1/STM32F1xx_HAL_Driver/Src/stm32f1xx_hal_pwr.o
HAL_PWR_DisableSleepOnExit                        build/STM32F1/debug/libraries/STM32CubeF1/STM32F1xx_HAL_Driver/Src/stm32f1xx_hal_pwr.o
HAL_PWR_DisableWakeUpPin                          build/STM32F1/debug/libraries/STM32CubeF1/STM32F1xx_HAL_Driver/Src/stm32f1xx_hal_pwr.o
HAL_PWR_EnableBkUpAccess                          build/STM32F1/debug/libraries/STM32CubeF1/STM32F1xx_HAL_Driver/Src/stm32f1xx_hal_pwr.o
HAL_PWR_EnablePVD                                 build/STM32F1/debug/libraries/STM32CubeF1/STM32F1xx_HAL_Driver/Src/stm32f1xx_hal_pwr.o
HAL_PWR_EnableSEVOnPend                           build/STM32F1/debug/libraries/STM32CubeF1/STM32F1xx_HAL_Driver/Src/stm32f1xx_hal_pwr.o
HAL_PWR_EnableSleepOnExit                         build/STM32F1/debug/libraries/STM32CubeF1/STM32F1xx_HAL_Driver/Src/stm32f1xx_hal_pwr.o
HAL_PWR_EnableWakeUpPin                           build/STM32F1/debug/libraries/STM32CubeF1/STM32F1xx_HAL_Driver/Src/stm32f1xx_hal_pwr.o
HAL_PWR_EnterSLEEPMode                            build/STM32F1/debug/libraries/STM32CubeF1/STM32F1xx_HAL_Driver/Src/stm32f1xx_hal_pwr.o
HAL_PWR_EnterSTANDBYMode                          build/STM32F1/debug/libraries/STM32CubeF1/STM32F1xx_HAL_Driver/Src/stm32f1xx_hal_pwr.o
HAL_PWR_EnterSTOPMode                             build/STM32F1/debug/libraries/STM32CubeF1/STM32F1xx_HAL_Driver/Src/stm32f1xx_hal_pwr.o
HAL_PWR_PVDCallback                               build/STM32F1/debug/libraries/STM32CubeF1/STM32F1xx_HAL_Driver/Src/stm32f1xx_hal_pwr.o
HAL_PWR_PVD_IRQHandler                            build/STM32F1/debug/libraries/STM32CubeF1/STM32F1xx_HAL_Driver/Src/stm32f1xx_hal_pwr.o
HAL_RCCEx_GetPeriphCLKConfig                      build/STM32F1/debug/libraries/STM32CubeF1/STM32F1xx_HAL_Driver/Src/stm32f1xx_hal_rcc_ex.o
HAL_RCCEx_GetPeriphCLKFreq                        build/STM32F1/debug/libraries/STM32CubeF1/STM32F1xx_HAL_Driver/Src/stm32f1xx_hal_rcc_ex.o
HAL_RCCEx_PeriphCLKConfig                         build/STM32F1/debug/libraries/STM32CubeF1/STM32F1xx_HAL_Driver/Src/stm32f1xx_hal_rcc_ex.o
HAL_RCC_CSSCallback                               build/STM32F1/debug/libraries/STM32CubeF1/STM32F1xx_HAL_Driver/Src/stm32f1xx_hal_rcc.o
HAL_RCC_ClockConfig                               build/STM32F1/debug/libraries/STM32CubeF1/STM32F1xx_HAL_Driver/Src/stm32f1xx_hal_rcc.o
                                                  build/STM32F1/debug/hardware/source/STM32F1/source/STM32F1.o
HAL_RCC_DeInit                                    build/STM32F1/debug/libraries/STM32CubeF1/STM32F1xx_HAL_Driver/Src/stm32f1xx_hal_rcc.o
HAL_RCC_DisableCSS                                build/STM32F1/debug/libraries/STM32CubeF1/STM32F1xx_HAL_Driver/Src/stm32f1xx_hal_rcc.o
HAL_RCC_EnableCSS                                 build/STM32F1/debug/libraries/STM32CubeF1/STM32F1xx_HAL_Driver/Src/stm32f1xx_hal_rcc.o
HAL_RCC_GetClockConfig                            build/STM32F1/debug/libraries/STM32CubeF1/STM32F1xx_HAL_Driver/Src/stm32f1xx_hal_rcc.o
HAL_RCC_GetHCLKFreq                               build/STM32F1/debug/libraries/STM32CubeF1/STM32F1xx_HAL_Driver/Src/stm32f1xx_hal_rcc.o
HAL_RCC_GetOscConfig                              build/STM32F1/debug/libraries/STM32CubeF1/STM32F1xx_HAL_Driver/Src/stm32f1xx_hal_rcc.o
HAL_RCC_GetPCLK1Freq                              build/STM32F1/debug/libraries/STM32CubeF1/STM32F1xx_HAL_Driver/Src/stm32f1xx_hal_rcc.o
HAL_RCC_GetPCLK2Freq                              build/STM32F1/debug/libraries/STM32CubeF1/STM32F1xx_HAL_Driver/Src/stm32f1xx_hal_rcc.o
                                                  build/STM32F1/debug/libraries/STM32CubeF1/STM32F1xx_HAL_Driver/Src/stm32f1xx_hal_rcc_ex.o
HAL_RCC_GetSysClockFreq                           build/STM32F1/debug/libraries/STM32CubeF1/STM32F1xx_HAL_Driver/Src/stm32f1xx_hal_rcc.o
HAL_RCC_MCOConfig                                 build/STM32F1/debug/libraries/STM32CubeF1/STM32F1xx_HAL_Driver/Src/stm32f1xx_hal_rcc.o
HAL_RCC_NMI_IRQHandler                            build/STM32F1/debug/libraries/STM32CubeF1/STM32F1xx_HAL_Driver/Src/stm32f1xx_hal_rcc.o
HAL_RCC_OscConfig                                 build/STM32F1/debug/libraries/STM32CubeF1/STM32F1xx_HAL_Driver/Src/stm32f1xx_hal_rcc.o
                                                  build/STM32F1/debug/hardware/source/STM32F1/source/STM32F1.o
HAL_ResumeTick                                    build/STM32F1/debug/libraries/STM32CubeF1/STM32F1xx_HAL_Driver/Src/stm32f1xx_hal.o
HAL_SYSTICK_CLKSourceConfig                       build/STM32F1/debug/libraries/STM32CubeF1/STM32F1xx_HAL_Driver/Src/stm32f1xx_hal_cortex.o
HAL_SYSTICK_Callback                              build/STM32F1/debug/libraries/STM32CubeF1/STM32F1xx_HAL_Driver/Src/stm32f1xx_hal_cortex.o
HAL_SYSTICK_Config                                build/STM32F1/debug/libraries/STM32CubeF1/STM32F1xx_HAL_Driver/Src/stm32f1xx_hal_cortex.o
                                                  build/STM32F1/debug/libraries/STM32CubeF1/STM32F1xx_HAL_Driver/Src/stm32f1xx_hal.o
HAL_SYSTICK_IRQHandler                            build/STM32F1/debug/libraries/STM32CubeF1/STM32F1xx_HAL_Driver/Src/stm32f1xx_hal_cortex.o
HAL_SetTickFreq                                   build/STM32F1/debug/libraries/STM32CubeF1/STM32F1xx_HAL_Driver/Src/stm32f1xx_hal.o
HAL_SuspendTick                                   build/STM32F1/debug/libraries/STM32CubeF1/STM32F1xx_HAL_Driver/Src/stm32f1xx_hal.o
HardFault_Handler                                 build/STM32F1/debug/hardware/source/STM32F1/source/stm32f1xx_it.o
I2C1_ER_IRQHandler                                build/STM32F1/debug/hardware/source/STM32F1/source/startup_stm32f103xb.o
I2C1_EV_IRQHandler                                build/STM32F1/debug/hardware/source/STM32F1/source/startup_stm32f103xb.o
I2C2_ER_IRQHandler                                build/STM32F1/debug/hardware/source/STM32F1/source/startup_stm32f103xb.o
I2C2_EV_IRQHandler                                build/STM32F1/debug/hardware/source/STM32F1/source/startup_stm32f103xb.o
MemManage_Handler                                 build/STM32F1/debug/hardware/source/STM32F1/source/stm32f1xx_it.o
NMI_Handler                                       build/STM32F1/debug/hardware/source/STM32F1/source/stm32f1xx_it.o
PVD_IRQHandler                                    build/STM32F1/debug/hardware/source/STM32F1/source/startup_stm32f103xb.o
PendSV_Handler                                    build/STM32F1/debug/hardware/source/STM32F1/source/stm32f1xx_it.o
RCC_IRQHandler                                    build/STM32F1/debug/hardware/source/STM32F1/source/startup_stm32f103xb.o
RTC_Alarm_IRQHandler                              build/STM32F1/debug/hardware/source/STM32F1/source/startup_stm32f103xb.o
RTC_IRQHandler                                    build/STM32F1/debug/hardware/source/STM32F1/source/startup_stm32f103xb.o
Reset_Handler                                     build/STM32F1/debug/hardware/source/STM32F1/source/startup_stm32f103xb.o
SPI1_IRQHandler                                   build/STM32F1/debug/hardware/source/STM32F1/source/startup_stm32f103xb.o
SPI2_IRQHandler                                   build/STM32F1/debug/hardware/source/STM32F1/source/startup_stm32f103xb.o
SVC_Handler                                       build/STM32F1/debug/hardware/source/STM32F1/source/stm32f1xx_it.o
SysTick_Handler                                   build/STM32F1/debug/hardware/source/STM32F1/source/stm32f1xx_it.o
SystemClock_Config                                build/STM32F1/debug/hardware/source/STM32F1/source/STM32F1.o
SystemCoreClock                                   build/STM32F1/debug/hardware/source/STM32F1/source/system_stm32f1xx.o
                                                  build/STM32F1/debug/libraries/STM32CubeF1/STM32F1xx_HAL_Driver/Src/stm32f1xx_hal_rcc.o
                                                  build/STM32F1/debug/libraries/STM32CubeF1/STM32F1xx_HAL_Driver/Src/stm32f1xx_hal.o
SystemCoreClockUpdate                             build/STM32F1/debug/hardware/source/STM32F1/source/system_stm32f1xx.o
SystemInit                                        build/STM32F1/debug/hardware/source/STM32F1/source/system_stm32f1xx.o
                                                  build/STM32F1/debug/hardware/source/STM32F1/source/startup_stm32f103xb.o
TAMPER_IRQHandler                                 build/STM32F1/debug/hardware/source/STM32F1/source/startup_stm32f103xb.o
TIM1_BRK_IRQHandler                               build/STM32F1/debug/hardware/source/STM32F1/source/startup_stm32f103xb.o
TIM1_CC_IRQHandler                                build/STM32F1/debug/hardware/source/STM32F1/source/startup_stm32f103xb.o
TIM1_TRG_COM_IRQHandler                           build/STM32F1/debug/hardware/source/STM32F1/source/startup_stm32f103xb.o
TIM1_UP_IRQHandler                                build/STM32F1/debug/hardware/source/STM32F1/source/startup_stm32f103xb.o
TIM2_IRQHandler                                   build/STM32F1/debug/hardware/source/STM32F1/source/startup_stm32f103xb.o
TIM3_IRQHandler                                   build/STM32F1/debug/hardware/source/STM32F1/source/startup_stm32f103xb.o
TIM4_IRQHandler                                   build/STM32F1/debug/hardware/source/STM32F1/source/startup_stm32f103xb.o
USART1_IRQHandler                                 build/STM32F1/debug/hardware/source/STM32F1/source/startup_stm32f103xb.o
USART2_IRQHandler                                 build/STM32F1/debug/hardware/source/STM32F1/source/startup_stm32f103xb.o
USART3_IRQHandler                                 build/STM32F1/debug/hardware/source/STM32F1/source/startup_stm32f103xb.o
USBWakeUp_IRQHandler                              build/STM32F1/debug/hardware/source/STM32F1/source/startup_stm32f103xb.o
USB_HP_CAN1_TX_IRQHandler                         build/STM32F1/debug/hardware/source/STM32F1/source/startup_stm32f103xb.o
USB_LP_CAN1_RX0_IRQHandler                        build/STM32F1/debug/hardware/source/STM32F1/source/startup_stm32f103xb.o
UsageFault_Handler                                build/STM32F1/debug/hardware/source/STM32F1/source/stm32f1xx_it.o
WWDG_IRQHandler                                   build/STM32F1/debug/hardware/source/STM32F1/source/startup_stm32f103xb.o
__bss_end__                                       /opt/gcc-arm-none-eabi-10.3-2021.10/bin/../lib/gcc/arm-none-eabi/10.3.1/../../../../arm-none-eabi/lib/thumb/v7-m/nofp/crt0.o
__bss_start__                                     /opt/gcc-arm-none-eabi-10.3-2021.10/bin/../lib/gcc/arm-none-eabi/10.3.1/../../../../arm-none-eabi/lib/thumb/v7-m/nofp/crt0.o
__call_exitprocs                                  /opt/gcc-arm-none-eabi-10.3-2021.10/bin/../lib/gcc/arm-none-eabi/10.3.1/../../../../arm-none-eabi/lib/thumb/v7-m/nofp/libc_nano.a(lib_a-exit.o)
__deregister_frame_info                           /opt/gcc-arm-none-eabi-10.3-2021.10/bin/../lib/gcc/arm-none-eabi/10.3.1/thumb/v7-m/nofp/crtbegin.o
__dso_handle                                      /opt/gcc-arm-none-eabi-10.3-2021.10/bin/../lib/gcc/arm-none-eabi/10.3.1/thumb/v7-m/nofp/crtbegin.o
__init_array_end                                  /opt/gcc-arm-none-eabi-10.3-2021.10/bin/../lib/gcc/arm-none-eabi/10.3.1/../../../../arm-none-eabi/lib/thumb/v7-m/nofp/libc_nano.a(lib_a-init.o)
__init_array_start                                /opt/gcc-arm-none-eabi-10.3-2021.10/bin/../lib/gcc/arm-none-eabi/10.3.1/../../../../arm-none-eabi/lib/thumb/v7-m/nofp/libc_nano.a(lib_a-init.o)
__libc_fini_array                                 /opt/gcc-arm-none-eabi-10.3-2021.10/bin/../lib/gcc/arm-none-eabi/10.3.1/../../../../arm-none-eabi/lib/thumb/v7-m/nofp/crt0.o
__libc_init_array                                 /opt/gcc-arm-none-eabi-10.3-2021.10/bin/../lib/gcc/arm-none-eabi/10.3.1/../../../../arm-none-eabi/lib/thumb/v7-m/nofp/libc_nano.a(lib_a-init.o)
                                                  build/STM32F1/debug/hardware/source/STM32F1/source/startup_stm32f103xb.o
                                                  /opt/gcc-arm-none-eabi-10.3-2021.10/bin/../lib/gcc/arm-none-eabi/10.3.1/../../../../arm-none-eabi/lib/thumb/v7-m/nofp/crt0.o
__preinit_array_end                               /opt/gcc-arm-none-eabi-10.3-2021.10/bin/../lib/gcc/arm-none-eabi/10.3.1/../../../../arm-none-eabi/lib/thumb/v7-m/nofp/libc_nano.a(lib_a-init.o)
__preinit_array_start                             /opt/gcc-arm-none-eabi-10.3-2021.10/bin/../lib/gcc/arm-none-eabi/10.3.1/../../../../arm-none-eabi/lib/thumb/v7-m/nofp/libc_nano.a(lib_a-init.o)
__register_frame_info                             /opt/gcc-arm-none-eabi-10.3-2021.10/bin/../lib/gcc/arm-none-eabi/10.3.1/thumb/v7-m/nofp/crtbegin.o
__sf_fake_stderr                                  /opt/gcc-arm-none-eabi-10.3-2021.10/bin/../lib/gcc/arm-none-eabi/10.3.1/../../../../arm-none-eabi/lib/thumb/v7-m/nofp/libc_nano.a(lib_a-impure.o)
__sf_fake_stdin                                   /opt/gcc-arm-none-eabi-10.3-2021.10/bin/../lib/gcc/arm-none-eabi/10.3.1/../../../../arm-none-eabi/lib/thumb/v7-m/nofp/libc_nano.a(lib_a-impure.o)
__sf_fake_stdout                                  /opt/gcc-arm-none-eabi-10.3-2021.10/bin/../lib/gcc/arm-none-eabi/10.3.1/../../../../arm-none-eabi/lib/thumb/v7-m/nofp/libc_nano.a(lib_a-impure.o)
__stack                                           /opt/gcc-arm-none-eabi-10.3-2021.10/bin/../lib/gcc/arm-none-eabi/10.3.1/../../../../arm-none-eabi/lib/thumb/v7-m/nofp/crt0.o
_ebss                                             build/STM32F1/debug/hardware/source/STM32F1/source/startup_stm32f103xb.o
_edata                                            build/STM32F1/debug/hardware/source/STM32F1/source/startup_stm32f103xb.o
_estack                                           build/STM32F1/debug/hardware/source/STM32F1/source/startup_stm32f103xb.o
_exit                                             /opt/gcc-arm-none-eabi-10.3-2021.10/bin/../lib/gcc/arm-none-eabi/10.3.1/../../../../arm-none-eabi/lib/thumb/v7-m/nofp/libnosys.a(_exit.o)
                                                  /opt/gcc-arm-none-eabi-10.3-2021.10/bin/../lib/gcc/arm-none-eabi/10.3.1/../../../../arm-none-eabi/lib/thumb/v7-m/nofp/libc_nano.a(lib_a-exit.o)
_fini                                             /opt/gcc-arm-none-eabi-10.3-2021.10/bin/../lib/gcc/arm-none-eabi/10.3.1/thumb/v7-m/nofp/crti.o
_global_impure_ptr                                /opt/gcc-arm-none-eabi-10.3-2021.10/bin/../lib/gcc/arm-none-eabi/10.3.1/../../../../arm-none-eabi/lib/thumb/v7-m/nofp/libc_nano.a(lib_a-impure.o)
                                                  /opt/gcc-arm-none-eabi-10.3-2021.10/bin/../lib/gcc/arm-none-eabi/10.3.1/../../../../arm-none-eabi/lib/thumb/v7-m/nofp/libc_nano.a(lib_a-exit.o)
_impure_ptr                                       /opt/gcc-arm-none-eabi-10.3-2021.10/bin/../lib/gcc/arm-none-eabi/10.3.1/../../../../arm-none-eabi/lib/thumb/v7-m/nofp/libc_nano.a(lib_a-impure.o)
_init                                             /opt/gcc-arm-none-eabi-10.3-2021.10/bin/../lib/gcc/arm-none-eabi/10.3.1/thumb/v7-m/nofp/crti.o
                                                  /opt/gcc-arm-none-eabi-10.3-2021.10/bin/../lib/gcc/arm-none-eabi/10.3.1/../../../../arm-none-eabi/lib/thumb/v7-m/nofp/libc_nano.a(lib_a-init.o)
_mainCRTStartup                                   /opt/gcc-arm-none-eabi-10.3-2021.10/bin/../lib/gcc/arm-none-eabi/10.3.1/../../../../arm-none-eabi/lib/thumb/v7-m/nofp/crt0.o
_sbss                                             build/STM32F1/debug/hardware/source/STM32F1/source/startup_stm32f103xb.o
_sdata                                            build/STM32F1/debug/hardware/source/STM32F1/source/startup_stm32f103xb.o
_sidata                                           build/STM32F1/debug/hardware/source/STM32F1/source/startup_stm32f103xb.o
_stack_init                                       /opt/gcc-arm-none-eabi-10.3-2021.10/bin/../lib/gcc/arm-none-eabi/10.3.1/../../../../arm-none-eabi/lib/thumb/v7-m/nofp/crt0.o
_start                                            /opt/gcc-arm-none-eabi-10.3-2021.10/bin/../lib/gcc/arm-none-eabi/10.3.1/../../../../arm-none-eabi/lib/thumb/v7-m/nofp/crt0.o
atexit                                            /opt/gcc-arm-none-eabi-10.3-2021.10/bin/../lib/gcc/arm-none-eabi/10.3.1/../../../../arm-none-eabi/lib/thumb/v7-m/nofp/crt0.o
delay_ms                                          build/STM32F1/debug/hardware/source/STM32F1/source/STM32F1.o
delay_sec                                         build/STM32F1/debug/hardware/source/STM32F1/source/STM32F1.o
                                                  build/STM32F1/debug/source/main.o
exit                                              /opt/gcc-arm-none-eabi-10.3-2021.10/bin/../lib/gcc/arm-none-eabi/10.3.1/../../../../arm-none-eabi/lib/thumb/v7-m/nofp/libc_nano.a(lib_a-exit.o)
                                                  /opt/gcc-arm-none-eabi-10.3-2021.10/bin/../lib/gcc/arm-none-eabi/10.3.1/../../../../arm-none-eabi/lib/thumb/v7-m/nofp/crt0.o
g_pfnVectors                                      build/STM32F1/debug/hardware/source/STM32F1/source/startup_stm32f103xb.o
hardware_init_hook                                /opt/gcc-arm-none-eabi-10.3-2021.10/bin/../lib/gcc/arm-none-eabi/10.3.1/../../../../arm-none-eabi/lib/thumb/v7-m/nofp/crt0.o
initHardware                                      build/STM32F1/debug/hardware/source/STM32F1/source/STM32F1.o
                                                  build/STM32F1/debug/source/main.o
ledToggle                                         build/STM32F1/debug/hardware/source/STM32F1/source/STM32F1.o
                                                  build/STM32F1/debug/source/main.o
main                                              build/STM32F1/debug/source/main.o
                                                  build/STM32F1/debug/hardware/source/STM32F1/source/startup_stm32f103xb.o
                                                  /opt/gcc-arm-none-eabi-10.3-2021.10/bin/../lib/gcc/arm-none-eabi/10.3.1/../../../../arm-none-eabi/lib/thumb/v7-m/nofp/crt0.o
memset                                            /opt/gcc-arm-none-eabi-10.3-2021.10/bin/../lib/gcc/arm-none-eabi/10.3.1/../../../../arm-none-eabi/lib/thumb/v7-m/nofp/libc_nano.a(lib_a-memset.o)
                                                  build/STM32F1/debug/hardware/source/STM32F1/source/STM32F1.o
                                                  /opt/gcc-arm-none-eabi-10.3-2021.10/bin/../lib/gcc/arm-none-eabi/10.3.1/../../../../arm-none-eabi/lib/thumb/v7-m/nofp/crt0.o
pFlash                                            build/STM32F1/debug/libraries/STM32CubeF1/STM32F1xx_HAL_Driver/Src/stm32f1xx_hal_flash.o
                                                  build/STM32F1/debug/libraries/STM32CubeF1/STM32F1xx_HAL_Driver/Src/stm32f1xx_hal_flash_ex.o
software_init_hook                                /opt/gcc-arm-none-eabi-10.3-2021.10/bin/../lib/gcc/arm-none-eabi/10.3.1/../../../../arm-none-eabi/lib/thumb/v7-m/nofp/crt0.o
uwTick                                            build/STM32F1/debug/libraries/STM32CubeF1/STM32F1xx_HAL_Driver/Src/stm32f1xx_hal.o
uwTickFreq                                        build/STM32F1/debug/libraries/STM32CubeF1/STM32F1xx_HAL_Driver/Src/stm32f1xx_hal.o
uwTickPrio                                        build/STM32F1/debug/libraries/STM32CubeF1/STM32F1xx_HAL_Driver/Src/stm32f1xx_hal.o
                                                  build/STM32F1/debug/libraries/STM32CubeF1/STM32F1xx_HAL_Driver/Src/stm32f1xx_hal_rcc.o
